auth.ts(10,3): error TS2322: Type 'import("C:/Users/LENOVO/OneDrive/Desktop/nextprismajs/node_modules/@auth/prisma-adapter/node_modules/@auth/core/adapters").Adapter' is not assignable to type 'import("C:/Users/LENOVO/OneDrive/Desktop/nextprismajs/node_modules/@auth/core/adapters").Adapter'.
  Types of property 'createUser' are incompatible.
    Type '((user: import("C:/Users/LENOVO/OneDrive/Desktop/nextprismajs/node_modules/@auth/prisma-adapter/node_modules/@auth/core/adapters").AdapterUser) => import("C:/Users/LENOVO/OneDrive/Desktop/nextprismajs/node_modules/@auth/prisma-adapter/node_modules/@auth/core/types").Awaitable<import("C:/Users/LENOVO/OneDrive/Desktop...' is not assignable to type '((user: import("C:/Users/LENOVO/OneDrive/Desktop/nextprismajs/node_modules/@auth/core/adapters").AdapterUser) => import("C:/Users/LENOVO/OneDrive/Desktop/nextprismajs/node_modules/@auth/core/types").Awaitable<import("C:/Users/LENOVO/OneDrive/Desktop/nextprismajs/node_modules/@auth/core/adapters").AdapterUser>) | und...'.
      Type '(user: import("C:/Users/LENOVO/OneDrive/Desktop/nextprismajs/node_modules/@auth/prisma-adapter/node_modules/@auth/core/adapters").AdapterUser) => import("C:/Users/LENOVO/OneDrive/Desktop/nextprismajs/node_modules/@auth/prisma-adapter/node_modules/@auth/core/types").Awaitable<import("C:/Users/LENOVO/OneDrive/Desktop/...' is not assignable to type '(user: import("C:/Users/LENOVO/OneDrive/Desktop/nextprismajs/node_modules/@auth/core/adapters").AdapterUser) => import("C:/Users/LENOVO/OneDrive/Desktop/nextprismajs/node_modules/@auth/core/types").Awaitable<import("C:/Users/LENOVO/OneDrive/Desktop/nextprismajs/node_modules/@auth/core/adapters").AdapterUser>'.
        Type 'import("C:/Users/LENOVO/OneDrive/Desktop/nextprismajs/node_modules/@auth/prisma-adapter/node_modules/@auth/core/types").Awaitable<import("C:/Users/LENOVO/OneDrive/Desktop/nextprismajs/node_modules/@auth/prisma-adapter/node_modules/@auth/core/adapters").AdapterUser>' is not assignable to type 'import("C:/Users/LENOVO/OneDrive/Desktop/nextprismajs/node_modules/@auth/core/types").Awaitable<import("C:/Users/LENOVO/OneDrive/Desktop/nextprismajs/node_modules/@auth/core/adapters").AdapterUser>'.
          Type 'AdapterUser' is not assignable to type 'Awaitable<AdapterUser>'.
            Property 'role' is missing in type 'import("C:/Users/LENOVO/OneDrive/Desktop/nextprismajs/node_modules/@auth/prisma-adapter/node_modules/@auth/core/adapters").AdapterUser' but required in type 'import("C:/Users/LENOVO/OneDrive/Desktop/nextprismajs/node_modules/@auth/core/adapters").AdapterUser'.
auth.ts(26,7): error TS2322: Type '(credentials: Partial<Record<"email" | "password", unknown>>) => Promise<{ id: string; email: string; name: string | null; role: string; } | null>' is not assignable to type '(credentials: Partial<Record<"email" | "password", unknown>>, request: Request) => Awaitable<User | null>'.
  Type 'Promise<{ id: string; email: string; name: string | null; role: string; } | null>' is not assignable to type 'Awaitable<User | null>'.
    Type 'Promise<{ id: string; email: string; name: string | null; role: string; } | null>' is not assignable to type 'PromiseLike<User | null>'.
      Types of property 'then' are incompatible.
        Type '<TResult1 = { id: string; email: string; name: string | null; role: string; } | null, TResult2 = never>(onfulfilled?: ((value: { id: string; email: string; name: string | null; role: string; } | null) => TResult1 | PromiseLike<...>) | null | undefined, onrejected?: ((reason: any) => TResult2 | PromiseLike<...>) | .....' is not assignable to type '<TResult1 = User | null, TResult2 = never>(onfulfilled?: ((value: User | null) => TResult1 | PromiseLike<TResult1>) | null | undefined, onrejected?: ((reason: any) => TResult2 | PromiseLike<...>) | null | undefined) => PromiseLike<...>'.
          Types of parameters 'onfulfilled' and 'onfulfilled' are incompatible.
            Types of parameters 'value' and 'value' are incompatible.
              Type '{ id: string; email: string; name: string | null; role: string; } | null' is not assignable to type 'User | null'.
                Type '{ id: string; email: string; name: string | null; role: string; }' is not assignable to type 'User'.
                  Types of property 'role' are incompatible.
                    Type 'string' is not assignable to type 'Role'.
